$ next build --webpack
▲ Next.js 16.3.3 (webpack)
✓ Running next.config.ts took 11ms

  Creating an optimized production build ...
✓ Compiled successfully in 3.5s
  Running TypeScript ...
  Finished TypeScript in 3.0s ...
  Collecting page data using 9 workers ...
  Generating static pages using 9 workers (0/23) ...
  Generating static pages using 9 workers (5/23) 
  Generating static pages using 9 workers (11/23) 
  Generating static pages using 9 workers (17/23) 
✓ Generating static pages using 9 workers (23/23) in 223ms
  Finalizing page optimization ...
  Collecting build traces ...

Route (app)
┌ ○ /
├ ○ /_not-found
├ ƒ /api/generate-session
├ ƒ /api/test-provider
├ ○ /boundaries
├ ○ /game
├ ○ /generating
├ ○ /manifest.webmanifest
├ ○ /packs
├ ○ /packs/editor
├ ○ /packs/new
├   /packs/rules/[ruleId]
│ ├ ● /packs/rules/miss-card
│ ├ ● /packs/rules/kings-cup
│ ├ ● /packs/rules/three-gardens
│ └ ● [+5 more paths]
├ ○ /punishment
├ ○ /punishment/play
├ ○ /settings/ai
├ ○ /setup
└ ○ /summary


○  (Static)   prerendered as static content
●  (SSG)      prerendered as static HTML (uses generateStaticParams)
ƒ  (Dynamic)  server-rendered on demand

