Vercel CLI 59.0.0 (Node.js 24.19.0)
Deploying p039-bar-games
Uploading [--------------------] (0.0B/4.2MB)
Uploading [=====---------------] (1.0MB/4.2MB)
Uploading [==========----------] (2.1MB/4.2MB)
Uploading [===============-----] (3.1MB/4.2MB)
Uploading [====================] (4.2MB/4.2MB)
  Inspect         https://vercel.com/houfan/p039-bar-games/7D5B3poDMNwk1iT4sRBXqVToBxoD
  Production      https://p039-bar-games-4aamyu06v-houfan.vercel.app
Building…
Building…
Running build in Washington, D.C., USA (East) – iad1
Build machine configuration: 2 cores, 8 GB
Retrieving list of deployment files...
Previous build caches not available.
Downloading 524 deployment files...
Running "vercel build"
Vercel CLI 62.0.0
Warning: Detected "engines": { "node": ">=24.0.0" } in your `package.json` that will automatically upgrade when a new major Node.js Version is released. Learn More: https://vercel.link/node-version
Detected `pnpm-lock.yaml` version 9 generated by pnpm@11.x from package.json#packageManager pnpm@11.21.0
Installing dependencies...
? Verifying lockfile against supply-chain policies (661 entries)...
Lockfile is up to date, resolution step is skipped
Packages: +539
++++++++++++++++++++++++++++++++++++++++++++++++++++++++++++++++++++++++++++++++
Progress: resolved 0, reused 0, downloaded 1, added 0
Progress: resolved 0, reused 0, downloaded 33, added 0
Progress: resolved 0, reused 0, downloaded 51, added 0
Progress: resolved 0, reused 0, downloaded 61, added 0
Progress: resolved 0, reused 0, downloaded 62, added 0
Progress: resolved 0, reused 0, downloaded 63, added 0
✓ Lockfile passes supply-chain policies (661 entries in 9s)
Progress: resolved 0, reused 0, downloaded 64, added 0
Packages are cloned from the content-addressable store to the virtual store.
Content-addressable store is at: /vercel/path0/.pnpm-store/v11
Virtual store is at:             node_modules/.pnpm
Progress: resolved 0, reused 0, downloaded 203, added 12
Progress: resolved 0, reused 0, downloaded 320, added 20
Progress: resolved 0, reused 0, downloaded 435, added 28
Progress: resolved 0, reused 0, downloaded 532, added 54
Progress: resolved 0, reused 0, downloaded 532, added 55
Progress: resolved 0, reused 0, downloaded 532, added 302
Progress: resolved 0, reused 0, downloaded 532, added 527
Progress: resolved 0, reused 0, downloaded 532, added 539, done
node_modules/esbuild postinstall$ node install.js
node_modules/unrs-resolver postinstall$ node postinstall.js
node_modules/unrs-resolver postinstall: Done
node_modules/esbuild postinstall: Done
Done in 19.9s using pnpm v11.21.0
Detected Next.js version: 16.3.3
Running "pnpm run build"
$ next build --webpack
▲ Next.js 16.3.3 (webpack)
Applying modifyConfig from Vercel
✓ Running next.config.ts took 176ms
Attention: Next.js now collects completely anonymous telemetry regarding usage.
This information is used to shape Next.js' roadmap and prioritize features.
You can learn more, including how to opt-out if you'd not like to participate in this anonymous program, by visiting the following URL:
https://nextjs.org/telemetry
Creating an optimized production build ...
✓ Compiled successfully in 18.4s
Running TypeScript ...
Finished TypeScript in 10.7s ...
Collecting page data using 1 worker ...
Generating static pages using 1 worker (0/23) ...
Generating static pages using 1 worker (5/23)
Generating static pages using 1 worker (11/23)
Generating static pages using 1 worker (17/23)
✓ Generating static pages using 1 worker (23/23) in 1275ms
Finalizing page optimization ...
Collecting build traces ...
Running onBuildComplete from Vercel
Warning: Detected "engines": { "node": ">=24.0.0" } in your `package.json` that will automatically upgrade when a new major Node.js Version is released. Learn More: https://vercel.link/node-version
Route (app)
┌ ○ /
├ ○ /_not-found
├ ƒ /api/generate-session
├ ƒ /api/test-provider
├ ○ /boundaries
├ ○ /game
├ ○ /generating
├ ○ /manifest.webmanifest
├ ○ /packs
├ ○ /packs/editor
├ ○ /packs/new
├   /packs/rules/[ruleId]
│ ├ ● /packs/rules/miss-card
│ ├ ● /packs/rules/kings-cup
│ ├ ● /packs/rules/three-gardens
│ └ ● [+5 more paths]
├ ○ /punishment
├ ○ /punishment/play
├ ○ /settings/ai
├ ○ /setup
└ ○ /summary
○  (Static)   prerendered as static content
●  (SSG)      prerendered as static HTML (uses generateStaticParams)
ƒ  (Dynamic)  server-rendered on demand
Build Completed in /vercel/output [1m]
Deploying outputs...
[2K[1A[2K[G  Production      https://p039-bar-games-4aamyu06v-houfan.vercel.app
Completing…
▲ Aliased         https://p039-bar-games.vercel.app
{
  "status": "ok",
  "deployment": {
    "id": "dpl_7D5B3poDMNwk1iT4sRBXqVToBxoD",
    "url": "https://p039-bar-games-4aamyu06v-houfan.vercel.app",
    "inspectorUrl": "https://vercel.com/houfan/p039-bar-games/7D5B3poDMNwk1iT4sRBXqVToBxoD",
    "readyState": "READY",
    "target": "production",
    "deploymentApiUrl": "https://api.vercel.com/v13/deployments/dpl_7D5B3poDMNwk1iT4sRBXqVToBxoD"
  },
  "message": "Deployment p039-bar-games-4aamyu06v-houfan.vercel.app ready.",
  "next": [
    {
      "command": "vercel curl https://p039-bar-games-4aamyu06v-houfan.vercel.app",
      "when": "Verify deployment, including when Deployment Protection is enabled"
    },
    {
      "command": "vercel inspect p039-bar-games-4aamyu06v-houfan.vercel.app",
      "when": "Inspect deployment"
    },
    {
      "command": "vercel deploy --prod",
      "when": "Promote to production"
    }
  ]
}
