$ node scripts/build-static-export.mjs
[build:export] 已临时移出 5 项（静态导出的类型检查不该看到）：app/api、tests/unit/generate-session-filter.test.ts、tests/unit/pack-minplayers-floor.test.ts、tests/unit/v2-privacy-regression.test.ts、tests/unit/ai-mainline-isolation.test.ts
▲ Next.js 16.3.3 (webpack)
✓ Running next.config.ts took 12ms

  Creating an optimized production build ...
✓ Compiled successfully in 1640ms
  Running TypeScript ...
  Finished TypeScript in 1162ms ...
  Collecting page data using 9 workers ...
  Generating static pages using 9 workers (0/23) ...
  Generating static pages using 9 workers (5/23) 
  Generating static pages using 9 workers (11/23) 
  Generating static pages using 9 workers (17/23) 
✓ Generating static pages using 9 workers (23/23) in 224ms
  Finalizing page optimization ...
  Collecting build traces ...

Route (app)
┌ ○ /
├ ○ /_not-found
├ ○ /boundaries
├ ○ /game
├ ○ /generating
├ ○ /manifest.webmanifest
├ ○ /packs
├ ○ /packs/editor
├ ○ /packs/new
├   /packs/rules/[ruleId]
│ ├ ● /packs/rules/miss-card
│ ├ ● /packs/rules/kings-cup
│ ├ ● /packs/rules/three-gardens
│ └ ● [+5 more paths]
├ ○ /punishment
├ ○ /punishment/play
├ ○ /settings/ai
├ ○ /setup
└ ○ /summary


○  (Static)  prerendered as static content
●  (SSG)     prerendered as static HTML (uses generateStaticParams)

[build:export] 静态导出完成：out/
[build:export] 已放回路由树/测试树：app/api、tests/unit/generate-session-filter.test.ts、tests/unit/pack-minplayers-floor.test.ts、tests/unit/v2-privacy-regression.test.ts、tests/unit/ai-mainline-isolation.test.ts
