$ vitest run

 RUN  v3.2.7 /Users/zzymima0000/Developer/coding/1.Active/039-ing-酒吧游戏

 ✓ tests/unit/pointing-game-view.test.tsx (8 tests) 229ms
 ✓ tests/unit/pack-view-host.test.tsx (7 tests) 274ms
 ✓ tests/unit/rule-detail.test.tsx (7 tests) 273ms
 ✓ tests/unit/rule-list.test.tsx (5 tests) 411ms
 ✓ tests/unit/party-tools-view.test.tsx (10 tests) 490ms
 ✓ tests/unit/e2e-port-config.test.ts (5 tests) 759ms
   ✓ playwright.config 端口唯一真源（PLAYWRIGHT_BASE_URL） > 默认（未设置 PLAYWRIGHT_BASE_URL）保持 3000，use.baseURL 与 webServer.url 同源  708ms
 ✓ tests/unit/mutual-check-sheet.test.tsx (15 tests) 575ms
 ✓ tests/unit/ai-mainline-generating-page.test.tsx (1 test) 130ms
 ✓ tests/unit/spin-bottle-view.test.tsx (7 tests) 246ms
 ✓ tests/unit/v2-single-anchor.test.ts (20 tests) 94ms
 ✓ tests/unit/packs-page.test.tsx (9 tests) 787ms
 ✓ tests/unit/direct-provider.test.ts (33 tests) 233ms
 ✓ tests/unit/fixed-content-manifest.test.ts (25 tests) 122ms
 ✓ tests/unit/compatibility-view.test.tsx (9 tests) 301ms
 ✓ tests/unit/safe-content-rendering.test.tsx (9 tests) 215ms
 ✓ tests/unit/would-you-rather-view.test.tsx (9 tests) 177ms
 ✓ tests/unit/punishment.test.ts (7 tests) 113ms
 ✓ tests/unit/pack-segmented-tabs.test.tsx (4 tests) 180ms
 ✓ tests/unit/spin-bottle-selector.test.ts (6 tests) 54ms
 ✓ tests/unit/v2-router-fair-exposure.test.ts (19 tests) 1849ms
   ✓ P1#2①｜truth-dare 包内 dare / truth 曝光不再由 cardId 字典序垄断 > 60 局 × 20 轮后两种 gameType 曝光收入同一量级（±18%）  816ms
   ✓ P1#2⑥｜跨 session 曝光公平性（sessionId 盐生效后） > 64 局 × 20 轮：truth / dare 曝光收入同一量级（±18%，沿用既有阈值）  952ms
 ✓ tests/unit/bar-fit-review-input.test.ts (30 tests) 147ms
 ✓ tests/component/punishment.test.tsx (3 tests) 235ms
 ✓ tests/unit/pack-switcher-sheet.test.tsx (7 tests) 322ms
 ✓ tests/unit/v2-d8-awaiting-view.test.tsx (3 tests) 224ms
 ✓ tests/unit/ai-mainline-isolation.test.ts (14 tests) 87ms
 ✓ tests/unit/bar-fit.test.ts (44 tests) 42ms
 ✓ tests/unit/ai-key-persistence.test.ts (13 tests) 73ms
 ✓ tests/unit/pack1-replaces.test.ts (35 tests) 65ms
 ✓ tests/unit/pack1-rewrites.test.ts (24 tests) 43ms
 ✓ tests/unit/generation-source.test.ts (15 tests) 43ms
 ✓ tests/unit/spin-bottle-chain.test.ts (24 tests) 103ms
 ✓ tests/unit/session-switch.test.ts (18 tests) 84ms
 ✓ tests/integration/v1-1-generation-fallback.test.ts (6 tests) 28ms
 ✓ tests/unit/session-maintenance.test.ts (6 tests) 82ms
 ✓ tests/unit/v2-b8-game-mainline.test.ts (15 tests) 55ms
 ✓ tests/integration/v2-formal-truth-production-chain.test.ts (5 tests) 44ms
 ✓ tests/unit/pack-enablement.test.ts (9 tests) 69ms
 ✓ tests/unit/service-worker-cache.test.ts (4 tests) 30ms
 ✓ tests/unit/golden-12.test.ts (24 tests) 65ms
 ✓ tests/unit/session-autosave.test.ts (4 tests) 67ms
 ✓ tests/unit/disabled-pack-selection.test.ts (4 tests) 43ms
 ✓ tests/unit/pack1-supplements.test.ts (39 tests) 61ms
 ✓ tests/unit/party-tools.test.ts (17 tests) 28ms
stdout | tests/integration/v2-legacy-seven-modes-20-rounds.test.ts > B3-15｜七种单玩法 legacy 局 × 20 轮（QA-COV-01 覆盖） > 玩法 truth > truth：legacy 局走满 20 轮、不耗尽、不推进关系、不弹 Mutual、整局同轨
[B3-15] truth(truth-dare) 完成轮数=20/20 牌堆=50 出卡=20 effective=0 heat=H1 evidence=0 midDue=false finalDue=false matches=0 awaiting=false lastLevel=BUCKET_OK

 ✓ tests/unit/single-scale-source.test.ts (7 tests) 25ms
stdout | tests/integration/v2-legacy-seven-modes-20-rounds.test.ts > B3-15｜七种单玩法 legacy 局 × 20 轮（QA-COV-01 覆盖） > 玩法 dare > dare：legacy 局走满 20 轮、不耗尽、不推进关系、不弹 Mutual、整局同轨
[B3-15] dare(truth-dare) 完成轮数=20/20 牌堆=50 出卡=20 effective=0 heat=H1 evidence=0 midDue=false finalDue=false matches=0 awaiting=false lastLevel=BUCKET_OK

stdout | tests/integration/v2-legacy-seven-modes-20-rounds.test.ts > B3-15｜七种单玩法 legacy 局 × 20 轮（QA-COV-01 覆盖） > 玩法 most_likely > most_likely：legacy 局走满 20 轮、不耗尽、不推进关系、不弹 Mutual、整局同轨
[B3-15] most_likely(most-likely) 完成轮数=20/20 牌堆=50 出卡=20 effective=0 heat=H1 evidence=0 midDue=false finalDue=false matches=0 awaiting=false lastLevel=BUCKET_OK

stdout | tests/integration/v2-legacy-seven-modes-20-rounds.test.ts > B3-15｜七种单玩法 legacy 局 × 20 轮（QA-COV-01 覆盖） > 玩法 never_have_i > never_have_i：legacy 局走满 20 轮、不耗尽、不推进关系、不弹 Mutual、整局同轨
[B3-15] never_have_i(never-have) 完成轮数=20/20 牌堆=50 出卡=20 effective=0 heat=H1 evidence=0 midDue=false finalDue=false matches=0 awaiting=false lastLevel=BUCKET_OK

stdout | tests/integration/v2-legacy-seven-modes-20-rounds.test.ts > B3-15｜七种单玩法 legacy 局 × 20 轮（QA-COV-01 覆盖） > 玩法 either_or > either_or：legacy 局走满 20 轮、不耗尽、不推进关系、不弹 Mutual、整局同轨
[B3-15] either_or(would-you-rather) 完成轮数=20/20 牌堆=50 出卡=20 effective=0 heat=H1 evidence=0 midDue=false finalDue=false matches=0 awaiting=false lastLevel=BUCKET_OK

stdout | tests/integration/v2-legacy-seven-modes-20-rounds.test.ts > B3-15｜七种单玩法 legacy 局 × 20 轮（QA-COV-01 覆盖） > 玩法 pointing > pointing：legacy 局走满 20 轮、不耗尽、不推进关系、不弹 Mutual、整局同轨
[B3-15] pointing(pointing-game) 完成轮数=20/20 牌堆=50 出卡=20 effective=0 heat=H1 evidence=0 midDue=false finalDue=false matches=0 awaiting=false lastLevel=BUCKET_OK

stdout | tests/integration/v2-legacy-seven-modes-20-rounds.test.ts > B3-15｜七种单玩法 legacy 局 × 20 轮（QA-COV-01 覆盖） > 玩法 chemistry > chemistry：legacy 局走满 20 轮、不耗尽、不推进关系、不弹 Mutual、整局同轨
[B3-15] chemistry(compatibility-test) 完成轮数=20/20 牌堆=50 出卡=20 effective=0 heat=H1 evidence=0 midDue=false finalDue=false matches=0 awaiting=false lastLevel=BUCKET_OK

 ✓ tests/integration/v2-legacy-seven-modes-20-rounds.test.ts (8 tests) 57ms
 ✓ tests/unit/pack-switcher.test.ts (18 tests) 83ms
 ✓ tests/unit/rule-catalog.test.ts (16 tests) 6ms
 ✓ tests/unit/v2-b7-router-single.test.ts (10 tests) 25ms
 ✓ tests/unit/session-migration.test.ts (22 tests) 43ms
 ✓ tests/unit/formal-truth-bootstrap-pack.test.ts (23 tests) 41ms
 ✓ tests/integration/v2-mid-mutual-abandoned.test.ts (15 tests) 26ms
 ✓ tests/unit/generate-session-filter.test.ts (4 tests) 29ms
 ✓ tests/unit/random-launcher.test.ts (10 tests) 52ms
 ✓ tests/unit/pack-minplayers-floor.test.ts (8 tests) 39ms
 ✓ tests/unit/v2-b7-content-switch.test.ts (7 tests) 135ms
 ✓ tests/unit/content-track-gate.test.ts (16 tests) 42ms
 ✓ tests/integration/v2-production-chain-recognition-mutual.test.ts (4 tests) 27ms
 ✓ tests/unit/session-repository.test.ts (2 tests) 18ms
 ✓ tests/unit/setup-mixed-empty-pool.test.ts (6 tests) 22ms
 ✓ tests/unit/v2-privacy-regression.test.ts (9 tests) 27ms
 ✓ tests/unit/direct-provider-native.test.ts (14 tests) 8ms
 ✓ tests/unit/ai-deck-regression.test.ts (7 tests) 16ms
 ✓ tests/unit/mixed-session.test.ts (2 tests) 29ms
 ✓ tests/unit/v2-relationship-state.test.ts (16 tests) 19ms
 ✓ tests/unit/session-quarantine.test.ts (5 tests) 70ms
 ✓ tests/unit/deck-round-robin.test.ts (4 tests) 73ms
 ✓ tests/unit/v2-routing.test.ts (16 tests) 17ms
 ✓ tests/unit/v2-d8-strict-a.test.ts (8 tests) 13ms
 ✓ tests/unit/custom-track-separation.test.ts (12 tests) 22ms
 ✓ tests/unit/retired-pack1-archive.test.ts (11 tests) 24ms
 ✓ tests/unit/home-entries.test.ts (13 tests) 32ms
 ✓ tests/unit/v2-b7-pair-gender.test.ts (15 tests) 30ms
 ✓ tests/unit/rejection-dedupe.test.ts (9 tests) 16ms
 ✓ tests/unit/pack1-admission-prep.test.ts (5 tests) 22ms
 ✓ tests/unit/session-summary.test.ts (1 test) 18ms
 ✓ tests/integration/generation-fallback.test.ts (3 tests) 17ms
 ✓ tests/unit/session-engine.test.ts (5 tests) 36ms
 ✓ tests/unit/bar-fit-canonical-input.test.ts (9 tests) 22ms
 ✓ tests/unit/v2-b10-event-reduce.test.ts (21 tests) 47ms
 ✓ tests/unit/ai-credential-boundary.test.ts (5 tests) 22ms
 ✓ tests/unit/audio-engine.test.ts (7 tests) 7ms
 ✓ tests/unit/retired-truth-archive.test.ts (13 tests) 36ms
 ✓ tests/unit/v2-session.test.ts (16 tests) 10ms
 ✓ tests/unit/game-pack-repository.test.ts (1 test) 12ms
 ✓ tests/unit/v2-ssot-gate.test.ts (4 tests) 11ms
 ✓ tests/unit/retired-pack1-r7-archive.test.ts (11 tests) 16ms
 ✓ tests/unit/formal-truth-pipeline.test.ts (6 tests) 32ms
 ✓ tests/unit/ai-secret-crypto.test.ts (2 tests) 5ms
 ✓ tests/unit/built-in-seeds.test.ts (16 tests) 14ms
 ✓ tests/unit/pack-refill.test.ts (7 tests) 6ms
 ✓ tests/unit/ai-provider-repository.test.ts (2 tests) 18ms
 ✓ tests/unit/card-id-space.test.ts (6 tests) 5ms
 ✓ tests/unit/ai-card-schema.test.ts (12 tests) 7ms
 ✓ tests/unit/ssrf-guard.test.ts (20 tests) 13ms
 ✓ tests/unit/v2-router-card-source-consistency.test.ts (4 tests) 16ms
 ✓ tests/unit/v2-card-metadata.test.ts (28 tests) 21ms
 ✓ tests/unit/sound-mute-preference.test.ts (4 tests) 14ms
 ✓ tests/unit/audio-presets.test.ts (9 tests) 17ms
 ✓ tests/unit/fixed-mainline-admission.test.ts (12 tests) 24ms
 ✓ tests/unit/compatibility-state.test.ts (15 tests) 17ms
 ✓ tests/unit/pack1-semantic-axes.test.ts (12 tests) 4ms
 ✓ tests/unit/pack1-physical-contact-scope.test.ts (5 tests) 7ms
 ✓ tests/unit/custom-pack-snapshot.test.ts (1 test) 12ms
 ✓ tests/unit/domain-schema.test.ts (4 tests) 7ms
 ✓ tests/unit/formal-truth-production-chain-note.test.ts (7 tests) 8ms
 ✓ tests/unit/compatibility-test-pack.test.ts (5 tests) 6ms
 ✓ tests/unit/v2-mutual-check.test.ts (50 tests) 12ms
 ✓ tests/unit/v2-content-adapter.test.ts (9 tests) 6ms
 ✓ tests/unit/formal-truth-heat-labels.test.ts (9 tests) 27ms
 ✓ tests/unit/pointing-game-pack.test.ts (7 tests) 7ms
 ✓ tests/unit/exit-guard.test.ts (18 tests) 11ms
 ✓ tests/unit/intensity-update.test.ts (1 test) 10ms
 ✓ tests/unit/rule-filter.test.ts (9 tests) 6ms
 ✓ tests/unit/provider-errors.test.ts (13 tests) 2ms
 ✓ tests/unit/spin-bottle-pack.test.ts (4 tests) 3ms
 ✓ tests/unit/ai-provider-presets.test.ts (4 tests) 2ms
 ✓ tests/unit/game-pack-registry.test.ts (8 tests) 7ms
 ✓ tests/unit/exit-guard-init.test.ts (7 tests) 6ms
 ✓ tests/unit/v2-reducer.test.ts (30 tests) 12ms
 ✓ tests/unit/v2-exhaustion.test.ts (9 tests) 5ms
 ✓ tests/unit/safety-redteam.test.ts (18 tests) 9ms
 ✓ tests/unit/server-request.test.ts (2 tests) 5ms
 ✓ tests/unit/boundary-matrix.test.ts (10 tests) 3ms
 ✓ tests/unit/card-selector.test.ts (6 tests) 4ms
 ✓ tests/unit/player-selector.test.ts (3 tests) 2ms
 ✓ tests/unit/credential-leak-audit.test.ts (8 tests) 3ms
 ✓ tests/unit/quick-start.test.ts (2 tests) 4ms
 ✓ tests/unit/would-you-rather-pack.test.ts (7 tests) 33ms
 ✓ tests/unit/redaction.test.ts (3 tests) 3ms
 ✓ tests/unit/session-config.test.ts (1 test) 7ms
 ✓ tests/unit/formal-truth-mc-report-derivation.test.ts (15 tests) 3ms
 ✓ tests/unit/v2-private.test.ts (8 tests) 6ms
 ✓ tests/unit/v2-guarantee.test.ts (9 tests) 2ms
 ✓ tests/unit/prompt-builder.test.ts (7 tests) 2ms
 ✓ tests/unit/ai-pipeline.test.ts (3 tests) 4ms
 ✓ tests/unit/clear-secret-state.test.ts (3 tests) 3ms
 ✓ tests/unit/v2-r3-constants-gate.test.ts (4 tests) 2ms
 ✓ tests/unit/setup.test.ts (1 test) 1ms
 ✓ tests/unit/create-id.test.ts (2 tests) 1ms

 Test Files  139 passed (139)
      Tests  1463 passed (1463)
   Start at  19:12:29
   Duration  13.04s (transform 3.25s, setup 8.37s, collect 21.20s, tests 11.36s, environment 47.96s, prepare 6.57s)

